2026-10-08 22:47:36,209 - aqt.helper - DEBUG - helper 140542049295296 Attempt to download checksum at https://download.qt.io/online/qtsdkrepository/all_os/android/qt6_683/qt6_683_arm64_v8a/Updates.xml.sha256
2026-10-08 22:47:36,574 - aqt.helper - DEBUG - helper 140542049295296 Attempt to download checksum at https://download.qt.io/online/qtsdkrepository/all_os/android/qt6_683/qt6_683_armv7/Updates.xml.sha256
2026-10-08 22:47:36,936 - aqt.helper - DEBUG - helper 140542049295296 Attempt to download checksum at https://download.qt.io/online/qtsdkrepository/all_os/android/qt6_683/qt6_683_x86_64/Updates.xml.sha256
2026-10-08 22:47:37,278 - aqt.helper - DEBUG - helper 140542049295296 Attempt to download checksum at https://download.qt.io/online/qtsdkrepository/all_os/android/qt6_683/qt6_683_x86/Updates.xml.sha256
2026-10-08 22:47:45,529 - aqt.helper - DEBUG - helper 139927734807488 Attempt to download checksum at https://download.qt.io/online/qtsdkrepository/all_os/android/qt6_683/qt6_683_arm64_v8a/Updates.xml.sha256
2026-10-08 22:47:45,911 - aqt.helper - DEBUG - helper 139927734807488 Attempt to download checksum at https://download.qt.io/online/qtsdkrepository/all_os/extensions/qtpdf/683/android_arm64_v8a/Updates.xml.sha256
2026-10-08 22:47:46,076 - aqt.helper - DEBUG - helper 139927734807488 Attempt to download checksum at https://download.qt.io/online/qtsdkrepository/all_os/extensions/qtpdf/683/android_arm64_v8a/Updates.xml.sha256
2026-10-08 22:47:46,237 - aqt.helper - DEBUG - helper 139927734807488 Attempt to download checksum at https://download.qt.io/online/qtsdkrepository/all_os/extensions/qtpdf/683/android_arm64_v8a/Updates.xml.sha256
2026-10-08 22:47:46,412 - aqt.helper - DEBUG - helper 139927734807488 Attempt to download checksum at https://download.qt.io/online/qtsdkrepository/all_os/extensions/qtpdf/683/android_arm64_v8a/Updates.xml.sha256
2026-10-08 22:47:46,578 - aqt.helper - DEBUG - helper 139927734807488 Attempt to download checksum at https://download.qt.io/online/qtsdkrepository/all_os/extensions/qtpdf/683/android_arm64_v8a/Updates.xml.sha256
2026-10-08 22:47:46,741 - aqt.helper - DEBUG - helper 139927734807488 Attempt to download checksum at https://download.qt.io/online/qtsdkrepository/all_os/extensions/qtwebengine/683/android_arm64_v8a/Updates.xml.sha256
2026-10-08 22:47:46,911 - aqt.helper - DEBUG - helper 139927734807488 Attempt to download checksum at https://download.qt.io/online/qtsdkrepository/all_os/extensions/qtwebengine/683/android_arm64_v8a/Updates.xml.sha256
2026-10-08 22:47:47,067 - aqt.helper - DEBUG - helper 139927734807488 Attempt to download checksum at https://download.qt.io/online/qtsdkrepository/all_os/extensions/qtwebengine/683/android_arm64_v8a/Updates.xml.sha256
2026-10-08 22:47:47,238 - aqt.helper - DEBUG - helper 139927734807488 Attempt to download checksum at https://download.qt.io/online/qtsdkrepository/all_os/extensions/qtwebengine/683/android_arm64_v8a/Updates.xml.sha256
2026-10-08 22:47:47,404 - aqt.helper - DEBUG - helper 139927734807488 Attempt to download checksum at https://download.qt.io/online/qtsdkrepository/all_os/extensions/qtwebengine/683/android_arm64_v8a/Updates.xml.sha256
2026-10-08 22:47:52,387 - aqt.helper - DEBUG - helper 139720211061696 Attempt to download checksum at https://download.qt.io/online/qtsdkrepository/all_os/android/qt6_683/qt6_683_arm64_v8a/Updates.xml.sha256
2026-10-08 22:47:52,844 - aqt.helper - DEBUG - helper 139720211061696 Attempt to download checksum at https://download.qt.io/online/qtsdkrepository/all_os/extensions/qtpdf/683/android_arm64_v8a/Updates.xml.sha256
2026-10-08 22:47:53,002 - aqt.helper - DEBUG - helper 139720211061696 Attempt to download checksum at https://download.qt.io/online/qtsdkrepository/all_os/extensions/qtpdf/683/android_arm64_v8a/Updates.xml.sha256
2026-10-08 22:47:53,237 - aqt.helper - DEBUG - helper 139720211061696 Attempt to download checksum at https://download.qt.io/online/qtsdkrepository/all_os/extensions/qtpdf/683/android_arm64_v8a/Updates.xml.sha256
2026-10-08 22:47:53,394 - aqt.helper - DEBUG - helper 139720211061696 Attempt to download checksum at https://download.qt.io/online/qtsdkrepository/all_os/extensions/qtpdf/683/android_arm64_v8a/Updates.xml.sha256
2026-10-08 22:47:53,555 - aqt.helper - DEBUG - helper 139720211061696 Attempt to download checksum at https://download.qt.io/online/qtsdkrepository/all_os/extensions/qtpdf/683/android_arm64_v8a/Updates.xml.sha256
2026-10-08 22:47:53,718 - aqt.helper - DEBUG - helper 139720211061696 Attempt to download checksum at https://download.qt.io/online/qtsdkrepository/all_os/extensions/qtwebengine/683/android_arm64_v8a/Updates.xml.sha256
2026-10-08 22:47:53,879 - aqt.helper - DEBUG - helper 139720211061696 Attempt to download checksum at https://download.qt.io/online/qtsdkrepository/all_os/extensions/qtwebengine/683/android_arm64_v8a/Updates.xml.sha256
2026-10-08 22:47:54,038 - aqt.helper - DEBUG - helper 139720211061696 Attempt to download checksum at https://download.qt.io/online/qtsdkrepository/all_os/extensions/qtwebengine/683/android_arm64_v8a/Updates.xml.sha256
2026-10-08 22:47:54,196 - aqt.helper - DEBUG - helper 139720211061696 Attempt to download checksum at https://download.qt.io/online/qtsdkrepository/all_os/extensions/qtwebengine/683/android_arm64_v8a/Updates.xml.sha256
2026-10-08 22:47:54,357 - aqt.helper - DEBUG - helper 139720211061696 Attempt to download checksum at https://download.qt.io/online/qtsdkrepository/all_os/extensions/qtwebengine/683/android_arm64_v8a/Updates.xml.sha256
2026-10-08 22:47:54,875 - aqt.helper - DEBUG - helper 140117814627264 Attempt to download checksum at https://download.qt.io/online/qtsdkrepository/linux_x64/desktop/qt6_683/qt6_683/Updates.xml.sha256
2026-10-08 22:47:55,246 - aqt.helper - DEBUG - helper 140117814627264 Attempt to download checksum at https://download.qt.io/online/qtsdkrepository/linux_x64/extensions/qtpdf/683/x86_64/Updates.xml.sha256
2026-10-08 22:47:55,573 - aqt.helper - DEBUG - helper 140117814627264 Attempt to download checksum at https://download.qt.io/online/qtsdkrepository/linux_x64/extensions/qtwebengine/683/x86_64/Updates.xml.sha256
